<html>
<body>
<pre>
<h1>礦ision Build Log</h1>
<h2>Tool Versions:</h2>
IDE-Version: μVision V5.14.0.0
Copyright (C) 2015 ARM Ltd and ARM Germany GmbH. All rights reserved.
License Information: s Ss, ., LIC=NHY63-AY5Y5-PFGIX-HG4D0-2CWLG-JBJ7Z
 
Tool Versions:
Toolchain:       MDK-ARM Professional  Version: 5.14.0.0
Toolchain Path:  D:\Keil_v5\ARM\ARMCC\Bin
C Compiler:      Armcc.exe V5.05 update 1 (build 106)
Assembler:       Armasm.exe V5.05 update 1 (build 106)
Linker/Locator:  ArmLink.exe V5.05 update 1 (build 106)
Library Manager: ArmAr.exe V5.05 update 1 (build 106)
Hex Converter:   FromElf.exe V5.05 update 1 (build 106)
CPU DLL:         SARMCM3.DLL V5.14.0.0
Dialog DLL:      DARMSTM.DLL V1.65.0.0
Target DLL:      Segger\JL2CM3.dll V2.99.13.0
Dialog DLL:      TARMSTM.DLL V1.64.0.0
 
<h2>Project:</h2>
D:\Project Code\RTOS\正点原子RT-Thread例程和quickstart教程\quick start例程\正点原子-精英板F103-RT-Thread\USER\LED.uvprojx
Project File Date:  09/28/2017

<h2>Output:</h2>
Rebuild target 'LED'
compiling main.c...
compiling stm32f10x_it.c...
compiling system_stm32f10x.c...
compiling led.c...
compiling delay.c...
compiling sys.c...
compiling usart.c...
compiling core_cm3.c...
assembling startup_stm32f10x_hd.s...
compiling misc.c...
compiling stm32f10x_gpio.c...
compiling stm32f10x_dbgmcu.c...
compiling stm32f10x_rcc.c...
compiling stm32f10x_usart.c...
assembling context_rvds.S...
compiling cpuport.c...
compiling clock.c...
compiling components.c...
compiling device.c...
compiling idle.c...
compiling ipc.c...
compiling irq.c...
compiling kservice.c...
compiling mem.c...
compiling object.c...
compiling scheduler.c...
compiling thread.c...
compiling timer.c...
compiling board.c...
linking...
Program Size: Code=7412 RO-data=644 RW-data=176 ZI-data=4424  
FromELF: creating hex file...
"..\OBJ\LED.axf" - 0 Error(s), 0 Warning(s).

<h2>Software Packages used:</h2>

Package Vendor: rt-thread
                http://www.rt-thread.org/download/mdk/rt-thread.rtthread.3.1.1.pack
                rt-thread.RT-Thread::RTOS:kernel:3.1.1
                RT-Thread Software Components with new name RealThread::RT-Thread
   * Component: kernel Version: 3.1.1

<h2>Collection of Component include folders:</h2>
  D:\Project Code\RTOS\正点原子RT-Thread例程和quickstart教程\quick start例程\正点原子-精英板F103-RT-Thread\USER\RTE
  D:\Project Code\RTOS\正点原子RT-Thread例程和quickstart教程\quick start例程\正点原子-精英板F103-RT-Thread\USER\RTE\RTOS
  D:\Keil_v5\ARM\PACK\Keil\STM32F1xx_DFP\1.0.5\Device\Include
  D:\Keil_v5\ARM\PACK\rt-thread\rtthread\3.1.1\include

<h2>Collection of Component Files used:</h2>

   * Component: rt-thread.RT-Thread::RTOS:kernel:3.1.1
      Source file:   src\clock.c
      Source file:   src\components.c
      Source file:   src\mem.c
      Source file:   src\irq.c
      Source file:   src\idle.c
      Source file:   libcpu\arm\cortex-m3\cpuport.c
      Source file:   src\ipc.c
      Include file:  bsp\rtconfig.h
      Source file:   bsp\board.c
      Source file:   src\device.c
      Source file:   src\kservice.c
      Source file:   src\object.c
      Source file:   src\scheduler.c
      Source file:   src\thread.c
      Source file:   src\timer.c
      Source file:   libcpu\arm\cortex-m3\context_rvds.S
</pre>
</body>
</html>
